Starting Comprehensive Feature Test...
--------------------------------------
[SETUP] Creating Test Data for TEST_FEAT_1769439474...
[PASS] Tuition Fee Created: 10000.00
[PASS] Additional Charge Created: 500.00
[PASS] Discount Created: 10%
[PASS] Student Created.

[TEST 1] Fee Calculation & Assignment...
  -> Calling recomputeStudentLedger...
  -> recomputeStudentLedger finished.
  -> Base Tuition: 10000.00
  -> Charges: 500.00
  -> Discounts: 1050.00
  -> Total: 9450.00
[PASS] Fee Assignment Logic Verified.

[TEST 2] Payment Processing...
  -> Initial Balance: 9450.00
  -> Created Pending Payment: 2000.00
[PASS] Pending Payment ignored in balance.
  -> Approved Payment.
[PASS] Approved Payment reduced balance.

[TEST 3] Admin Metrics Query...
  -> Total Collected: 5000.00
  -> Pending Approvals: 3000.00
  -> Outstanding Balance: 25250.00
[PASS] Metrics Queries executed without SQL errors.

--------------------------------------
ALL FEATURES VERIFIED SUCCESSFULLY.

Transaction Rolled Back (Cleanup).
